exports[`<Thumbnail /> matches snapshot 1`] = `
<Thumbnail
  photo={
    Object {
      "id": 0,
      "thumbnailUrl": "thumbnail0",
      "url": "fakePhoto0",
    }
  }>
  <div
    className="thumbnail">
    <img
      onClick={[Function]}
      src="thumbnail0" />
    <Portal
      beforeClose={[Function]}
      closeOnEsc={true}
      closeOnOutsideClick={true}
      onClose={[Function]}
      onOpen={[Function]}
      onUpdate={[Function]} />
  </div>
</Thumbnail>
`;
